Archive member included because of file (symbol)

/home/gmunoz/.pebble-sdk/SDKs/current/sdk-core/pebble/aplite/lib/libpebble.a(tmp7jpKUopebble.o)
                              src/main.c.46.o (app_event_loop)
/home/gmunoz/pebble-dev/the_essence/node_modules/pebble-events/dist/binaries/aplite/libpebble-events.a(appmessage.c.26.o)
                              enamel.c.46.o (events_app_message_request_inbox_size)
/home/gmunoz/pebble-dev/the_essence/node_modules/@smallstoneapps/linked-list/dist/binaries/aplite/@smallstoneapps/liblinked-list.a(linked-list.c.26.o)
                              enamel.c.46.o (linked_list_create_root)
/home/gmunoz/pebble-dev/pebble-sdk-4.6-rc2-linux64/arm-cs-tools/bin/../lib/gcc/arm-none-eabi/4.7.2/thumb2/libgcc.a(_arm_addsubdf3.o)
                              src/main.c.46.o (__aeabi_dsub)
/home/gmunoz/pebble-dev/pebble-sdk-4.6-rc2-linux64/arm-cs-tools/bin/../lib/gcc/arm-none-eabi/4.7.2/thumb2/libgcc.a(_arm_muldivdf3.o)
                              src/main.c.46.o (__aeabi_dmul)
/home/gmunoz/pebble-dev/pebble-sdk-4.6-rc2-linux64/arm-cs-tools/bin/../lib/gcc/arm-none-eabi/4.7.2/thumb2/libgcc.a(_arm_fixdfsi.o)
                              src/main.c.46.o (__aeabi_d2iz)
/home/gmunoz/pebble-dev/pebble-sdk-4.6-rc2-linux64/arm-cs-tools/bin/../lib/gcc/arm-none-eabi/4.7.2/thumb2/libgcc.a(_arm_fixunsdfsi.o)
                              src/main.c.46.o (__aeabi_d2uiz)
/home/gmunoz/pebble-dev/pebble-sdk-4.6-rc2-linux64/arm-cs-tools/bin/../lib/gcc/arm-none-eabi/4.7.2/thumb2/libgcc.a(_aeabi_ldivmod.o)
                              src/watch_model.c.46.o (__aeabi_ldivmod)
/home/gmunoz/pebble-dev/pebble-sdk-4.6-rc2-linux64/arm-cs-tools/bin/../lib/gcc/arm-none-eabi/4.7.2/thumb2/libgcc.a(bpabi.o)
                              /home/gmunoz/pebble-dev/pebble-sdk-4.6-rc2-linux64/arm-cs-tools/bin/../lib/gcc/arm-none-eabi/4.7.2/thumb2/libgcc.a(_aeabi_ldivmod.o) (__gnu_ldivmod_helper)
/home/gmunoz/pebble-dev/pebble-sdk-4.6-rc2-linux64/arm-cs-tools/bin/../lib/gcc/arm-none-eabi/4.7.2/thumb2/libgcc.a(_dvmd_tls.o)
                              /home/gmunoz/pebble-dev/pebble-sdk-4.6-rc2-linux64/arm-cs-tools/bin/../lib/gcc/arm-none-eabi/4.7.2/thumb2/libgcc.a(_aeabi_ldivmod.o) (__aeabi_ldiv0)
/home/gmunoz/pebble-dev/pebble-sdk-4.6-rc2-linux64/arm-cs-tools/bin/../lib/gcc/arm-none-eabi/4.7.2/thumb2/libgcc.a(_divdi3.o)
                              /home/gmunoz/pebble-dev/pebble-sdk-4.6-rc2-linux64/arm-cs-tools/bin/../lib/gcc/arm-none-eabi/4.7.2/thumb2/libgcc.a(bpabi.o) (__divdi3)
/home/gmunoz/pebble-dev/pebble-sdk-4.6-rc2-linux64/arm-cs-tools/bin/../lib/gcc/arm-none-eabi/4.7.2/thumb2/libgcc.a(_udivdi3.o)
                              /home/gmunoz/pebble-dev/pebble-sdk-4.6-rc2-linux64/arm-cs-tools/bin/../lib/gcc/arm-none-eabi/4.7.2/thumb2/libgcc.a(bpabi.o) (__udivdi3)
/home/gmunoz/pebble-dev/pebble-sdk-4.6-rc2-linux64/arm-cs-tools/bin/../lib/gcc/arm-none-eabi/4.7.2/thumb2/libgcc.a(_udivsi3.o)
                              /home/gmunoz/pebble-dev/pebble-sdk-4.6-rc2-linux64/arm-cs-tools/bin/../lib/gcc/arm-none-eabi/4.7.2/thumb2/libgcc.a(_divdi3.o) (__aeabi_uidiv)

Allocating common symbols
Common symbol       size              file

digital_font        0x4               src/main.c.46.o
clock_state         0x18              src/main.c.46.o

Discarded input sections

 .text          0x0000000000000000        0x0 /home/gmunoz/pebble-dev/pebble-sdk-4.6-rc2-linux64/arm-cs-tools/bin/../lib/gcc/arm-none-eabi/4.7.2/thumb2/crti.o
 .bss           0x0000000000000000        0x0 /home/gmunoz/pebble-dev/pebble-sdk-4.6-rc2-linux64/arm-cs-tools/bin/../lib/gcc/arm-none-eabi/4.7.2/thumb2/crti.o
 .init          0x0000000000000000        0x4 /home/gmunoz/pebble-dev/pebble-sdk-4.6-rc2-linux64/arm-cs-tools/bin/../lib/gcc/arm-none-eabi/4.7.2/thumb2/crti.o
 .fini          0x0000000000000000        0x4 /home/gmunoz/pebble-dev/pebble-sdk-4.6-rc2-linux64/arm-cs-tools/bin/../lib/gcc/arm-none-eabi/4.7.2/thumb2/crti.o
 .text          0x0000000000000000       0xc8 /home/gmunoz/pebble-dev/pebble-sdk-4.6-rc2-linux64/arm-cs-tools/bin/../lib/gcc/arm-none-eabi/4.7.2/thumb2/crtbegin.o
 .bss           0x0000000000000000       0x1c /home/gmunoz/pebble-dev/pebble-sdk-4.6-rc2-linux64/arm-cs-tools/bin/../lib/gcc/arm-none-eabi/4.7.2/thumb2/crtbegin.o
 .init_array    0x0000000000000000        0x4 /home/gmunoz/pebble-dev/pebble-sdk-4.6-rc2-linux64/arm-cs-tools/bin/../lib/gcc/arm-none-eabi/4.7.2/thumb2/crtbegin.o
 .fini_array    0x0000000000000000        0x4 /home/gmunoz/pebble-dev/pebble-sdk-4.6-rc2-linux64/arm-cs-tools/bin/../lib/gcc/arm-none-eabi/4.7.2/thumb2/crtbegin.o
 .eh_frame      0x0000000000000000        0x0 /home/gmunoz/pebble-dev/pebble-sdk-4.6-rc2-linux64/arm-cs-tools/bin/../lib/gcc/arm-none-eabi/4.7.2/thumb2/crtbegin.o
 .jcr           0x0000000000000000        0x0 /home/gmunoz/pebble-dev/pebble-sdk-4.6-rc2-linux64/arm-cs-tools/bin/../lib/gcc/arm-none-eabi/4.7.2/thumb2/crtbegin.o
 .tm_clone_table
[...]
Memory Configuration

Name             Origin             Length             Attributes
APP              0x0000000000000000 0x0000000000006000 xrw
*default*        0x0000000000000000 0xffffffffffffffff

Linker script and memory map

LOAD /home/gmunoz/pebble-dev/pebble-sdk-4.6-rc2-linux64/arm-cs-tools/bin/../lib/gcc/arm-none-eabi/4.7.2/thumb2/crti.o
LOAD /home/gmunoz/pebble-dev/pebble-sdk-4.6-rc2-linux64/arm-cs-tools/bin/../lib/gcc/arm-none-eabi/4.7.2/thumb2/crtbegin.o
LOAD src/main.c.46.o
LOAD src/text_render.c.46.o
LOAD src/watch_model.c.46.o
LOAD enamel.c.46.o
LOAD aplite/appinfo.auto.c.46.o
LOAD aplite/src/resource_ids.auto.c.46.o
LOAD src/message_keys.auto.c.46.o
LOAD /home/gmunoz/.pebble-sdk/SDKs/current/sdk-core/pebble/aplite/lib/libpebble.a
LOAD /home/gmunoz/pebble-dev/the_essence/node_modules/pebble-clay/dist/binaries/aplite/libpebble-clay.a
LOAD /home/gmunoz/pebble-dev/the_essence/node_modules/enamel/dist/binaries/aplite/libenamel.a
LOAD /home/gmunoz/pebble-dev/the_essence/node_modules/pebble-events/dist/binaries/aplite/libpebble-events.a
LOAD /home/gmunoz/pebble-dev/the_essence/node_modules/@smallstoneapps/linked-list/dist/binaries/aplite/@smallstoneapps/liblinked-list.a
START GROUP
LOAD /home/gmunoz/pebble-dev/pebble-sdk-4.6-rc2-linux64/arm-cs-tools/bin/../lib/gcc/arm-none-eabi/4.7.2/thumb2/libgcc.a
LOAD /home/gmunoz/pebble-dev/pebble-sdk-4.6-rc2-linux64/arm-cs-tools/bin/../lib/gcc/arm-none-eabi/4.7.2/../../../../arm-none-eabi/lib/thumb2/libc.a
END GROUP
LOAD /home/gmunoz/pebble-dev/pebble-sdk-4.6-rc2-linux64/arm-cs-tools/bin/../lib/gcc/arm-none-eabi/4.7.2/thumb2/crtend.o
LOAD /home/gmunoz/pebble-dev/pebble-sdk-4.6-rc2-linux64/arm-cs-tools/bin/../lib/gcc/arm-none-eabi/4.7.2/thumb2/crtn.o

.header         0x0000000000000000       0x82
 *(.pbl_header)
 .pbl_header    0x0000000000000000       0x82 aplite/appinfo.auto.c.46.o
                0x0000000000000000                __pbl_app_info

.note.gnu.build-id
                0x0000000000000082       0x26
                0x0000000000000082                PROVIDE (BUILD_ID, .)
 *(.note.gnu.build-id)
 *fill*         0x0000000000000082        0x2 
 .note.gnu.build-id
                0x0000000000000084       0x24 linker stubs

.text           0x00000000000000a8     0x3002
 *(.text)
 .text          0x00000000000000a8       0x14 /home/gmunoz/.pebble-sdk/SDKs/current/sdk-core/pebble/aplite/lib/libpebble.a(tmp7jpKUopebble.o)
 .text          0x00000000000000bc      0x370 /home/gmunoz/pebble-dev/pebble-sdk-4.6-rc2-linux64/arm-cs-tools/bin/../lib/gcc/arm-none-eabi/4.7.2/thumb2/libgcc.a(_arm_addsubdf3.o)
                0x00000000000000bc                __aeabi_drsub
                0x00000000000000c4                __aeabi_dsub
                0x00000000000000c4                __subdf3
                0x00000000000000c8                __adddf3
                0x00000000000000c8                __aeabi_dadd
                0x0000000000000340                __aeabi_ui2d
                0x0000000000000340                __floatunsidf
                0x0000000000000360                __floatsidf
                0x0000000000000360                __aeabi_i2d
                0x0000000000000384                __extendsfdf2
                0x0000000000000384                __aeabi_f2d
                0x00000000000003c0                __aeabi_ul2d
                0x00000000000003c0                __floatundidf
                0x00000000000003d0                __floatdidf
                0x00000000000003d0                __aeabi_l2d
 .text          0x000000000000042c      0x424 /home/gmunoz/pebble-dev/pebble-sdk-4.6-rc2-linux64/arm-cs-tools/bin/../lib/gcc/arm-none-eabi/4.7.2/thumb2/libgcc.a(_arm_muldivdf3.o)
                0x000000000000042c                __aeabi_dmul
                0x000000000000042c                __muldf3
                0x0000000000000680                __aeabi_ddiv
                0x0000000000000680                __divdf3
 .text          0x0000000000000850       0x50 /home/gmunoz/pebble-dev/pebble-sdk-4.6-rc2-linux64/arm-cs-tools/bin/../lib/gcc/arm-none-eabi/4.7.2/thumb2/libgcc.a(_arm_fixdfsi.o)
                0x0000000000000850                __fixdfsi
                0x0000000000000850                __aeabi_d2iz
 .text          0x00000000000008a0       0x40 /home/gmunoz/pebble-dev/pebble-sdk-4.6-rc2-linux64/arm-cs-tools/bin/../lib/gcc/arm-none-eabi/4.7.2/thumb2/libgcc.a(_arm_fixunsdfsi.o)
                0x00000000000008a0                __fixunsdfsi
                0x00000000000008a0                __aeabi_d2uiz
 .text          0x00000000000008e0       0x38 /home/gmunoz/pebble-dev/pebble-sdk-4.6-rc2-linux64/arm-cs-tools/bin/../lib/gcc/arm-none-eabi/4.7.2/thumb2/libgcc.a(_aeabi_ldivmod.o)
                0x00000000000008e0                __aeabi_ldivmod
 .text          0x0000000000000918       0x60 /home/gmunoz/pebble-dev/pebble-sdk-4.6-rc2-linux64/arm-cs-tools/bin/../lib/gcc/arm-none-eabi/4.7.2/thumb2/libgcc.a(bpabi.o)
                0x0000000000000918                __gnu_ldivmod_helper
                0x0000000000000948                __gnu_uldivmod_helper
 .text          0x0000000000000978        0x4 /home/gmunoz/pebble-dev/pebble-sdk-4.6-rc2-linux64/arm-cs-tools/bin/../lib/gcc/arm-none-eabi/4.7.2/thumb2/libgcc.a(_dvmd_tls.o)
                0x0000000000000978                __aeabi_ldiv0
                0x0000000000000978                __aeabi_idiv0
 .text          0x000000000000097c      0x36c /home/gmunoz/pebble-dev/pebble-sdk-4.6-rc2-linux64/arm-cs-tools/bin/../lib/gcc/arm-none-eabi/4.7.2/thumb2/libgcc.a(_divdi3.o)
                0x000000000000097c                __divdi3
 .text          0x0000000000000ce8      0x314 /home/gmunoz/pebble-dev/pebble-sdk-4.6-rc2-linux64/arm-cs-tools/bin/../lib/gcc/arm-none-eabi/4.7.2/thumb2/libgcc.a(_udivdi3.o)
                0x0000000000000ce8                __udivdi3
 *fill*         0x0000000000000ffc        0x4 
 .text          0x0000000000001000      0x278 /home/gmunoz/pebble-dev/pebble-sdk-4.6-rc2-linux64/arm-cs-tools/bin/../lib/gcc/arm-none-eabi/4.7.2/thumb2/libgcc.a(_udivsi3.o)
                0x0000000000001000                __udivsi3
                0x0000000000001000                __aeabi_uidiv
                0x000000000000125c                __aeabi_uidivmod
 *(.text.*)
 .text.window_unload
                0x0000000000001278       0x38 src/main.c.46.o
 .text.draw_date_seconds
                0x00000000000012b0      0x2e0 src/main.c.46.o
 .text.draw_day
                0x0000000000001590      0x228 src/main.c.46.o
 .text.draw_clock
                0x00000000000017b8      0x490 src/main.c.46.o
 .text.draw_marks
                0x0000000000001c48      0x288 src/main.c.46.o
 .text.prv_app_did_focus
                0x0000000000001ed0       0x16 src/main.c.46.o
 *fill*         0x0000000000001ee6        0x2 
 .text.watch_model_handle_clock_change
                0x0000000000001ee8       0x58 src/main.c.46.o
                0x0000000000001ee8                watch_model_handle_clock_change
 .text.watch_model_handle_time_change
                0x0000000000001f40       0x98 src/main.c.46.o
                0x0000000000001f40                watch_model_handle_time_change
 .text.watch_model_handle_seconds_change
                0x0000000000001fd8       0x28 src/main.c.46.o
                0x0000000000001fd8                watch_model_handle_seconds_change
 .text.watch_model_handle_config_change
                0x0000000000002000       0x34 src/main.c.46.o
                0x0000000000002000                watch_model_handle_config_change
 .text.get_font_handle
                0x0000000000002034        0x6 src/main.c.46.o
                0x0000000000002034                get_font_handle
 *fill*         0x000000000000203a        0x2 
 .text.window_load
                0x000000000000203c       0xc4 src/main.c.46.o
 .text.startup.main
                0x0000000000002100       0x84 src/main.c.46.o
                0x0000000000002100                main
 .text.prv_msg_received_handler
                0x0000000000002184        0x4 src/watch_model.c.46.o
 .text.prv_make_clock_animation
                0x0000000000002188       0xc4 src/watch_model.c.46.o
 .text.prv_teardown_clock_animation
                0x000000000000224c        0xe src/watch_model.c.46.o
 .text.prv_update_clock_animation
                0x000000000000225a      0x180 src/watch_model.c.46.o
 .text.prv_handle_time_update
                0x00000000000023da       0x1e src/watch_model.c.46.o
 .text.update_tick_timer_subscription
                0x00000000000023f8       0x20 src/watch_model.c.46.o
                0x00000000000023f8                update_tick_timer_subscription
 .text.prv_finish_animation
                0x0000000000002418       0x20 src/watch_model.c.46.o
 .text.schedule_minute_animation
                0x0000000000002438       0x2c src/watch_model.c.46.o
                0x0000000000002438                schedule_minute_animation
 .text.watch_model_start_intro
                0x0000000000002464       0x30 src/watch_model.c.46.o
                0x0000000000002464                watch_model_start_intro
 .text.watch_model_init
                0x0000000000002494       0x1c src/watch_model.c.46.o
                0x0000000000002494                watch_model_init
 .text.watch_model_deinit
                0x00000000000024b0       0x10 src/watch_model.c.46.o
                0x00000000000024b0                watch_model_deinit
 .text.prv_key_update_cb
                0x00000000000024c0        0x2 enamel.c.46.o
 .text.prv_each_settings_received
                0x00000000000024c2        0xc enamel.c.46.o
 *fill*         0x00000000000024ce        0x2 
 .text.prv_inbox_received_handle
                0x00000000000024d0      0x208 enamel.c.46.o
 .text.enamel_get_screen_color
                0x00000000000026d8       0x40 enamel.c.46.o
                0x00000000000026d8                enamel_get_screen_color
 .text.enamel_get_clock_bg_color
                0x0000000000002718       0x40 enamel.c.46.o
                0x0000000000002718                enamel_get_clock_bg_color
 .text.enamel_get_clock_fg_color
                0x0000000000002758       0x44 enamel.c.46.o
                0x0000000000002758                enamel_get_clock_fg_color
 .text.enamel_get_hour_hand_color
                0x000000000000279c       0x44 enamel.c.46.o
                0x000000000000279c                enamel_get_hour_hand_color
 .text.enamel_get_minute_hand_color
                0x00000000000027e0       0x44 enamel.c.46.o
                0x00000000000027e0                enamel_get_minute_hand_color
 .text.enamel_get_subdial_highlight_color
                0x0000000000002824       0x44 enamel.c.46.o
                0x0000000000002824                enamel_get_subdial_highlight_color
 .text.enamel_get_animate_minutes
                0x0000000000002868       0x28 enamel.c.46.o
                0x0000000000002868                enamel_get_animate_minutes
 .text.enamel_get_display_seconds
                0x0000000000002890       0x28 enamel.c.46.o
                0x0000000000002890                enamel_get_display_seconds
 .text.enamel_init
                0x00000000000028b8       0xe0 enamel.c.46.o
                0x00000000000028b8                enamel_init
 .text.enamel_deinit
                0x0000000000002998       0x94 enamel.c.46.o
                0x0000000000002998                enamel_deinit
 .text.enamel_settings_received_subscribe
                0x0000000000002a2c       0x38 enamel.c.46.o
                0x0000000000002a2c                enamel_settings_received_subscribe
 .text.enamel_settings_received_unsubscribe
                0x0000000000002a64       0x40 enamel.c.46.o
                0x0000000000002a64                enamel_settings_received_unsubscribe
 .text.app_event_loop
                0x0000000000002aa4        0xc /home/gmunoz/.pebble-sdk/SDKs/current/sdk-core/pebble/aplite/lib/libpebble.a(tmp7jpKUopebble.o)
                0x0000000000002aa4                app_event_loop
 .text.app_message_deregister_callbacks
                0x0000000000002ab0        0xc /home/gmunoz/.pebble-sdk/SDKs/current/sdk-core/pebble/aplite/lib/libpebble.a(tmp7jpKUopebble.o)
                0x0000000000002ab0                app_message_deregister_callbacks
 .text.app_message_open
                0x0000000000002abc        0xc /home/gmunoz/.pebble-sdk/SDKs/current/sdk-core/pebble/aplite/lib/libpebble.a(tmp7jpKUopebble.o)
                0x0000000000002abc                app_message_open
 .text.dict_find
                0x0000000000002ac8        0xc /home/gmunoz/.pebble-sdk/SDKs/current/sdk-core/pebble/aplite/lib/libpebble.a(tmp7jpKUopebble.o)
                0x0000000000002ac8                dict_find
 .text.dict_merge
                0x0000000000002ad4        0xc /home/gmunoz/.pebble-sdk/SDKs/current/sdk-core/pebble/aplite/lib/libpebble.a(tmp7jpKUopebble.o)
                0x0000000000002ad4                dict_merge
 .text.dict_read_begin_from_buffer
                0x0000000000002ae0        0xc /home/gmunoz/.pebble-sdk/SDKs/current/sdk-core/pebble/aplite/lib/libpebble.a(tmp7jpKUopebble.o)
                0x0000000000002ae0                dict_read_begin_from_buffer
 .text.dict_read_first
                0x0000000000002aec        0xc /home/gmunoz/.pebble-sdk/SDKs/current/sdk-core/pebble/aplite/lib/libpebble.a(tmp7jpKUopebble.o)
                0x0000000000002aec                dict_read_first
 .text.dict_read_next
                0x0000000000002af8        0xc /home/gmunoz/.pebble-sdk/SDKs/current/sdk-core/pebble/aplite/lib/libpebble.a(tmp7jpKUopebble.o)
                0x0000000000002af8                dict_read_next
 .text.dict_write_begin
                0x0000000000002b04        0xc /home/gmunoz/.pebble-sdk/SDKs/current/sdk-core/pebble/aplite/lib/libpebble.a(tmp7jpKUopebble.o)
                0x0000000000002b04                dict_write_begin
 .text.dict_write_end
                0x0000000000002b10        0xc /home/gmunoz/.pebble-sdk/SDKs/current/sdk-core/pebble/aplite/lib/libpebble.a(tmp7jpKUopebble.o)
                0x0000000000002b10                dict_write_end
 .text.fonts_load_custom_font
                0x0000000000002b1c        0xc /home/gmunoz/.pebble-sdk/SDKs/current/sdk-core/pebble/aplite/lib/libpebble.a(tmp7jpKUopebble.o)
                0x0000000000002b1c                fonts_load_custom_font
 .text.fonts_unload_custom_font
                0x0000000000002b28        0xc /home/gmunoz/.pebble-sdk/SDKs/current/sdk-core/pebble/aplite/lib/libpebble.a(tmp7jpKUopebble.o)
                0x0000000000002b28                fonts_unload_custom_font
 .text.free     0x0000000000002b34        0xc /home/gmunoz/.pebble-sdk/SDKs/current/sdk-core/pebble/aplite/lib/libpebble.a(tmp7jpKUopebble.o)
                0x0000000000002b34                free
 .text.graphics_draw_line
                0x0000000000002b40        0xc /home/gmunoz/.pebble-sdk/SDKs/current/sdk-core/pebble/aplite/lib/libpebble.a(tmp7jpKUopebble.o)
                0x0000000000002b40                graphics_draw_line
 .text.graphics_fill_rect
                0x0000000000002b4c        0xc /home/gmunoz/.pebble-sdk/SDKs/current/sdk-core/pebble/aplite/lib/libpebble.a(tmp7jpKUopebble.o)
                0x0000000000002b4c                graphics_fill_rect
 .text.grect_align
                0x0000000000002b58        0xc /home/gmunoz/.pebble-sdk/SDKs/current/sdk-core/pebble/aplite/lib/libpebble.a(tmp7jpKUopebble.o)
                0x0000000000002b58                grect_align
 .text.grect_center_point
                0x0000000000002b64        0xc /home/gmunoz/.pebble-sdk/SDKs/current/sdk-core/pebble/aplite/lib/libpebble.a(tmp7jpKUopebble.o)
                0x0000000000002b64                grect_center_point
 .text.grect_crop
                0x0000000000002b70        0xc /home/gmunoz/.pebble-sdk/SDKs/current/sdk-core/pebble/aplite/lib/libpebble.a(tmp7jpKUopebble.o)
                0x0000000000002b70                grect_crop
 .text.layer_add_child
                0x0000000000002b7c        0xc /home/gmunoz/.pebble-sdk/SDKs/current/sdk-core/pebble/aplite/lib/libpebble.a(tmp7jpKUopebble.o)
                0x0000000000002b7c                layer_add_child
 .text.layer_create
                0x0000000000002b88        0xc /home/gmunoz/.pebble-sdk/SDKs/current/sdk-core/pebble/aplite/lib/libpebble.a(tmp7jpKUopebble.o)
                0x0000000000002b88                layer_create
 .text.layer_destroy
                0x0000000000002b94        0xc /home/gmunoz/.pebble-sdk/SDKs/current/sdk-core/pebble/aplite/lib/libpebble.a(tmp7jpKUopebble.o)
                0x0000000000002b94                layer_destroy
 .text.layer_get_bounds
                0x0000000000002ba0        0xc /home/gmunoz/.pebble-sdk/SDKs/current/sdk-core/pebble/aplite/lib/libpebble.a(tmp7jpKUopebble.o)
                0x0000000000002ba0                layer_get_bounds
 .text.layer_mark_dirty
                0x0000000000002bac        0xc /home/gmunoz/.pebble-sdk/SDKs/current/sdk-core/pebble/aplite/lib/libpebble.a(tmp7jpKUopebble.o)
                0x0000000000002bac                layer_mark_dirty
 .text.layer_set_update_proc
                0x0000000000002bb8        0xc /home/gmunoz/.pebble-sdk/SDKs/current/sdk-core/pebble/aplite/lib/libpebble.a(tmp7jpKUopebble.o)
                0x0000000000002bb8                layer_set_update_proc
 .text.malloc   0x0000000000002bc4        0xc /home/gmunoz/.pebble-sdk/SDKs/current/sdk-core/pebble/aplite/lib/libpebble.a(tmp7jpKUopebble.o)
                0x0000000000002bc4                malloc
 .text.memset   0x0000000000002bd0        0xc /home/gmunoz/.pebble-sdk/SDKs/current/sdk-core/pebble/aplite/lib/libpebble.a(tmp7jpKUopebble.o)
                0x0000000000002bd0                memset
 .text.persist_exists
                0x0000000000002bdc        0xc /home/gmunoz/.pebble-sdk/SDKs/current/sdk-core/pebble/aplite/lib/libpebble.a(tmp7jpKUopebble.o)
                0x0000000000002bdc                persist_exists
 .text.persist_read_int
                0x0000000000002be8        0xc /home/gmunoz/.pebble-sdk/SDKs/current/sdk-core/pebble/aplite/lib/libpebble.a(tmp7jpKUopebble.o)
                0x0000000000002be8                persist_read_int
 .text.persist_write_int
                0x0000000000002bf4        0xc /home/gmunoz/.pebble-sdk/SDKs/current/sdk-core/pebble/aplite/lib/libpebble.a(tmp7jpKUopebble.o)
                0x0000000000002bf4                persist_write_int
 .text.resource_get_handle
                0x0000000000002c00        0xc /home/gmunoz/.pebble-sdk/SDKs/current/sdk-core/pebble/aplite/lib/libpebble.a(tmp7jpKUopebble.o)
                0x0000000000002c00                resource_get_handle
 .text.snprintf
                0x0000000000002c0c        0xc /home/gmunoz/.pebble-sdk/SDKs/current/sdk-core/pebble/aplite/lib/libpebble.a(tmp7jpKUopebble.o)
                0x0000000000002c0c                snprintf
 .text.tick_timer_service_subscribe
                0x0000000000002c18        0xc /home/gmunoz/.pebble-sdk/SDKs/current/sdk-core/pebble/aplite/lib/libpebble.a(tmp7jpKUopebble.o)
                0x0000000000002c18                tick_timer_service_subscribe
 .text.window_create
                0x0000000000002c24        0xc /home/gmunoz/.pebble-sdk/SDKs/current/sdk-core/pebble/aplite/lib/libpebble.a(tmp7jpKUopebble.o)
                0x0000000000002c24                window_create
 .text.window_destroy
                0x0000000000002c30        0xc /home/gmunoz/.pebble-sdk/SDKs/current/sdk-core/pebble/aplite/lib/libpebble.a(tmp7jpKUopebble.o)
                0x0000000000002c30                window_destroy
 .text.window_get_root_layer
                0x0000000000002c3c        0xc /home/gmunoz/.pebble-sdk/SDKs/current/sdk-core/pebble/aplite/lib/libpebble.a(tmp7jpKUopebble.o)
                0x0000000000002c3c                window_get_root_layer
 .text.window_set_window_handlers
                0x0000000000002c48        0xc /home/gmunoz/.pebble-sdk/SDKs/current/sdk-core/pebble/aplite/lib/libpebble.a(tmp7jpKUopebble.o)
                0x0000000000002c48                window_set_window_handlers
 .text.window_stack_push
                0x0000000000002c54        0xc /home/gmunoz/.pebble-sdk/SDKs/current/sdk-core/pebble/aplite/lib/libpebble.a(tmp7jpKUopebble.o)
                0x0000000000002c54                window_stack_push
 .text.app_focus_service_unsubscribe
                0x0000000000002c60        0xc /home/gmunoz/.pebble-sdk/SDKs/current/sdk-core/pebble/aplite/lib/libpebble.a(tmp7jpKUopebble.o)
                0x0000000000002c60                app_focus_service_unsubscribe
 .text.app_message_register_inbox_dropped
                0x0000000000002c6c        0xc /home/gmunoz/.pebble-sdk/SDKs/current/sdk-core/pebble/aplite/lib/libpebble.a(tmp7jpKUopebble.o)
                0x0000000000002c6c                app_message_register_inbox_dropped
 .text.app_message_register_inbox_received
                0x0000000000002c78        0xc /home/gmunoz/.pebble-sdk/SDKs/current/sdk-core/pebble/aplite/lib/libpebble.a(tmp7jpKUopebble.o)
                0x0000000000002c78                app_message_register_inbox_received
 .text.app_message_register_outbox_failed
                0x0000000000002c84        0xc /home/gmunoz/.pebble-sdk/SDKs/current/sdk-core/pebble/aplite/lib/libpebble.a(tmp7jpKUopebble.o)
                0x0000000000002c84                app_message_register_outbox_failed
 .text.app_message_register_outbox_sent
                0x0000000000002c90        0xc /home/gmunoz/.pebble-sdk/SDKs/current/sdk-core/pebble/aplite/lib/libpebble.a(tmp7jpKUopebble.o)
                0x0000000000002c90                app_message_register_outbox_sent
 .text.graphics_draw_text
                0x0000000000002c9c        0xc /home/gmunoz/.pebble-sdk/SDKs/current/sdk-core/pebble/aplite/lib/libpebble.a(tmp7jpKUopebble.o)
                0x0000000000002c9c                graphics_draw_text
 .text.persist_read_data
                0x0000000000002ca8        0xc /home/gmunoz/.pebble-sdk/SDKs/current/sdk-core/pebble/aplite/lib/libpebble.a(tmp7jpKUopebble.o)
                0x0000000000002ca8                persist_read_data
 .text.persist_write_data
                0x0000000000002cb4        0xc /home/gmunoz/.pebble-sdk/SDKs/current/sdk-core/pebble/aplite/lib/libpebble.a(tmp7jpKUopebble.o)
                0x0000000000002cb4                persist_write_data
 .text.dict_size
                0x0000000000002cc0        0xc /home/gmunoz/.pebble-sdk/SDKs/current/sdk-core/pebble/aplite/lib/libpebble.a(tmp7jpKUopebble.o)
                0x0000000000002cc0                dict_size
 .text.graphics_text_layout_get_content_size
                0x0000000000002ccc        0xc /home/gmunoz/.pebble-sdk/SDKs/current/sdk-core/pebble/aplite/lib/libpebble.a(tmp7jpKUopebble.o)
                0x0000000000002ccc                graphics_text_layout_get_content_size
 .text.graphics_context_set_fill_color
                0x0000000000002cd8        0xc /home/gmunoz/.pebble-sdk/SDKs/current/sdk-core/pebble/aplite/lib/libpebble.a(tmp7jpKUopebble.o)
                0x0000000000002cd8                graphics_context_set_fill_color
 .text.graphics_context_set_stroke_color
                0x0000000000002ce4        0xc /home/gmunoz/.pebble-sdk/SDKs/current/sdk-core/pebble/aplite/lib/libpebble.a(tmp7jpKUopebble.o)
                0x0000000000002ce4                graphics_context_set_stroke_color
 .text.graphics_context_set_text_color
                0x0000000000002cf0        0xc /home/gmunoz/.pebble-sdk/SDKs/current/sdk-core/pebble/aplite/lib/libpebble.a(tmp7jpKUopebble.o)
                0x0000000000002cf0                graphics_context_set_text_color
 .text.localtime
                0x0000000000002cfc        0xc /home/gmunoz/.pebble-sdk/SDKs/current/sdk-core/pebble/aplite/lib/libpebble.a(tmp7jpKUopebble.o)
                0x0000000000002cfc                localtime
 .text.animation_create
                0x0000000000002d08        0xc /home/gmunoz/.pebble-sdk/SDKs/current/sdk-core/pebble/aplite/lib/libpebble.a(tmp7jpKUopebble.o)
                0x0000000000002d08                animation_create
 .text.animation_get_context
                0x0000000000002d14        0xc /home/gmunoz/.pebble-sdk/SDKs/current/sdk-core/pebble/aplite/lib/libpebble.a(tmp7jpKUopebble.o)
                0x0000000000002d14                animation_get_context
 .text.animation_schedule
                0x0000000000002d20        0xc /home/gmunoz/.pebble-sdk/SDKs/current/sdk-core/pebble/aplite/lib/libpebble.a(tmp7jpKUopebble.o)
                0x0000000000002d20                animation_schedule
 .text.animation_set_curve
                0x0000000000002d2c        0xc /home/gmunoz/.pebble-sdk/SDKs/current/sdk-core/pebble/aplite/lib/libpebble.a(tmp7jpKUopebble.o)
                0x0000000000002d2c                animation_set_curve
 .text.animation_set_delay
                0x0000000000002d38        0xc /home/gmunoz/.pebble-sdk/SDKs/current/sdk-core/pebble/aplite/lib/libpebble.a(tmp7jpKUopebble.o)
                0x0000000000002d38                animation_set_delay
 .text.animation_set_duration
                0x0000000000002d44        0xc /home/gmunoz/.pebble-sdk/SDKs/current/sdk-core/pebble/aplite/lib/libpebble.a(tmp7jpKUopebble.o)
                0x0000000000002d44                animation_set_duration
 .text.animation_set_handlers
                0x0000000000002d50        0xc /home/gmunoz/.pebble-sdk/SDKs/current/sdk-core/pebble/aplite/lib/libpebble.a(tmp7jpKUopebble.o)
                0x0000000000002d50                animation_set_handlers
 .text.animation_set_implementation
                0x0000000000002d5c        0xc /home/gmunoz/.pebble-sdk/SDKs/current/sdk-core/pebble/aplite/lib/libpebble.a(tmp7jpKUopebble.o)
                0x0000000000002d5c                animation_set_implementation
 .text.graphics_context_set_stroke_width
                0x0000000000002d68        0xc /home/gmunoz/.pebble-sdk/SDKs/current/sdk-core/pebble/aplite/lib/libpebble.a(tmp7jpKUopebble.o)
                0x0000000000002d68                graphics_context_set_stroke_width
 .text.time     0x0000000000002d74        0xc /home/gmunoz/.pebble-sdk/SDKs/current/sdk-core/pebble/aplite/lib/libpebble.a(tmp7jpKUopebble.o)
                0x0000000000002d74                time
 .text.app_focus_service_subscribe_handlers
                0x0000000000002d80        0xc /home/gmunoz/.pebble-sdk/SDKs/current/sdk-core/pebble/aplite/lib/libpebble.a(tmp7jpKUopebble.o)
                0x0000000000002d80                app_focus_service_subscribe_handlers
 .text.gpoint_from_polar
                0x0000000000002d8c        0xc /home/gmunoz/.pebble-sdk/SDKs/current/sdk-core/pebble/aplite/lib/libpebble.a(tmp7jpKUopebble.o)
                0x0000000000002d8c                gpoint_from_polar
 .text.graphics_fill_radial
                0x0000000000002d98        0xc /home/gmunoz/.pebble-sdk/SDKs/current/sdk-core/pebble/aplite/lib/libpebble.a(tmp7jpKUopebble.o)
                0x0000000000002d98                graphics_fill_radial
 .text.grect_centered_from_polar
                0x0000000000002da4        0xc /home/gmunoz/.pebble-sdk/SDKs/current/sdk-core/pebble/aplite/lib/libpebble.a(tmp7jpKUopebble.o)
                0x0000000000002da4                grect_centered_from_polar
 .text.prv_each_outbox_sent
                0x0000000000002db0       0x12 /home/gmunoz/pebble-dev/the_essence/node_modules/pebble-events/dist/binaries/aplite/libpebble-events.a(appmessage.c.26.o)
 .text.prv_each_outbox_failed
                0x0000000000002dc2       0x14 /home/gmunoz/pebble-dev/the_essence/node_modules/pebble-events/dist/binaries/aplite/libpebble-events.a(appmessage.c.26.o)
 .text.prv_each_inbox_received
                0x0000000000002dd6       0x12 /home/gmunoz/pebble-dev/the_essence/node_modules/pebble-events/dist/binaries/aplite/libpebble-events.a(appmessage.c.26.o)
 .text.prv_each_inbox_dropped
                0x0000000000002de8       0x12 /home/gmunoz/pebble-dev/the_essence/node_modules/pebble-events/dist/binaries/aplite/libpebble-events.a(appmessage.c.26.o)
 *fill*         0x0000000000002dfa        0x2 
 .text.prv_handle_inbox_dropped
                0x0000000000002dfc       0x18 /home/gmunoz/pebble-dev/the_essence/node_modules/pebble-events/dist/binaries/aplite/libpebble-events.a(appmessage.c.26.o)
 .text.prv_handle_inbox_received
                0x0000000000002e14       0x18 /home/gmunoz/pebble-dev/the_essence/node_modules/pebble-events/dist/binaries/aplite/libpebble-events.a(appmessage.c.26.o)
 .text.prv_handle_outbox_failed
                0x0000000000002e2c       0x24 /home/gmunoz/pebble-dev/the_essence/node_modules/pebble-events/dist/binaries/aplite/libpebble-events.a(appmessage.c.26.o)
 .text.prv_handle_outbox_sent
                0x0000000000002e50       0x18 /home/gmunoz/pebble-dev/the_essence/node_modules/pebble-events/dist/binaries/aplite/libpebble-events.a(appmessage.c.26.o)
 .text.events_app_message_request_inbox_size
                0x0000000000002e68       0x14 /home/gmunoz/pebble-dev/the_essence/node_modules/pebble-events/dist/binaries/aplite/libpebble-events.a(appmessage.c.26.o)
                0x0000000000002e68                events_app_message_request_inbox_size
 .text.events_app_message_open
                0x0000000000002e7c       0x3c /home/gmunoz/pebble-dev/the_essence/node_modules/pebble-events/dist/binaries/aplite/libpebble-events.a(appmessage.c.26.o)
                0x0000000000002e7c                events_app_message_open
 .text.events_app_message_subscribe_handlers
                0x0000000000002eb8       0x88 /home/gmunoz/pebble-dev/the_essence/node_modules/pebble-events/dist/binaries/aplite/libpebble-events.a(appmessage.c.26.o)
                0x0000000000002eb8                events_app_message_subscribe_handlers
 .text.events_app_message_unsubscribe
                0x0000000000002f40       0x44 /home/gmunoz/pebble-dev/the_essence/node_modules/pebble-events/dist/binaries/aplite/libpebble-events.a(appmessage.c.26.o)
                0x0000000000002f40                events_app_message_unsubscribe
 .text.events_app_message_register_inbox_received
                0x0000000000002f84       0x24 /home/gmunoz/pebble-dev/the_essence/node_modules/pebble-events/dist/binaries/aplite/libpebble-events.a(appmessage.c.26.o)
                0x0000000000002f84                events_app_message_register_inbox_received
 .text.pointer_compare
                0x0000000000002fa8        0x8 /home/gmunoz/pebble-dev/the_essence/node_modules/@smallstoneapps/linked-list/dist/binaries/aplite/@smallstoneapps/liblinked-list.a(linked-list.c.26.o)
 .text.linked_list_create_root
                0x0000000000002fb0        0xe /home/gmunoz/pebble-dev/the_essence/node_modules/@smallstoneapps/linked-list/dist/binaries/aplite/@smallstoneapps/liblinked-list.a(linked-list.c.26.o)
                0x0000000000002fb0                linked_list_create_root
 .text.linked_list_count
                0x0000000000002fbe       0x14 /home/gmunoz/pebble-dev/the_essence/node_modules/@smallstoneapps/linked-list/dist/binaries/aplite/@smallstoneapps/liblinked-list.a(linked-list.c.26.o)
                0x0000000000002fbe                linked_list_count
 .text.linked_list_append
                0x0000000000002fd2       0x2c /home/gmunoz/pebble-dev/the_essence/node_modules/@smallstoneapps/linked-list/dist/binaries/aplite/@smallstoneapps/liblinked-list.a(linked-list.c.26.o)
                0x0000000000002fd2                linked_list_append
 .text.linked_list_get
                0x0000000000002ffe       0x1c /home/gmunoz/pebble-dev/the_essence/node_modules/@smallstoneapps/linked-list/dist/binaries/aplite/@smallstoneapps/liblinked-list.a(linked-list.c.26.o)
                0x0000000000002ffe                linked_list_get
 .text.linked_list_remove
                0x000000000000301a       0x3c /home/gmunoz/pebble-dev/the_essence/node_modules/@smallstoneapps/linked-list/dist/binaries/aplite/@smallstoneapps/liblinked-list.a(linked-list.c.26.o)
                0x000000000000301a                linked_list_remove
 .text.linked_list_find_compare
                0x0000000000003056       0x26 /home/gmunoz/pebble-dev/the_essence/node_modules/@smallstoneapps/linked-list/dist/binaries/aplite/@smallstoneapps/liblinked-list.a(linked-list.c.26.o)
                0x0000000000003056                linked_list_find_compare
 .text.linked_list_find
                0x000000000000307c        0xc /home/gmunoz/pebble-dev/the_essence/node_modules/@smallstoneapps/linked-list/dist/binaries/aplite/@smallstoneapps/liblinked-list.a(linked-list.c.26.o)
                0x000000000000307c                linked_list_find
 .text.linked_list_foreach
                0x0000000000003088       0x1a /home/gmunoz/pebble-dev/the_essence/node_modules/@smallstoneapps/linked-list/dist/binaries/aplite/@smallstoneapps/liblinked-list.a(linked-list.c.26.o)
                0x0000000000003088                linked_list_foreach
 *(.rodata)
 *(.rodata*)
 .rodata.str1.1
                0x00000000000030a2        0x8 src/main.c.46.o

.glue_7         0x00000000000030ac        0x0
 .glue_7        0x0000000000000000        0x0 linker stubs

.glue_7t        0x00000000000030ac        0x0
 .glue_7t       0x0000000000000000        0x0 linker stubs

.vfp11_veneer   0x00000000000030ac        0x0
 .vfp11_veneer  0x0000000000000000        0x0 linker stubs

.v4_bx          0x00000000000030ac        0x0
 .v4_bx         0x0000000000000000        0x0 linker stubs

.iplt           0x00000000000030ac        0x0
 .iplt          0x0000000000000000        0x0 /home/gmunoz/pebble-dev/pebble-sdk-4.6-rc2-linux64/arm-cs-tools/bin/../lib/gcc/arm-none-eabi/4.7.2/thumb2/crtbegin.o

.rel.dyn        0x00000000000030ac        0x0
 .rel.iplt      0x0000000000000000        0x0 /home/gmunoz/pebble-dev/pebble-sdk-4.6-rc2-linux64/arm-cs-tools/bin/../lib/gcc/arm-none-eabi/4.7.2/thumb2/crtbegin.o
 .rel.got       0x0000000000000000        0x0 /home/gmunoz/pebble-dev/pebble-sdk-4.6-rc2-linux64/arm-cs-tools/bin/../lib/gcc/arm-none-eabi/4.7.2/thumb2/crtbegin.o

.ARM.exidx      0x00000000000030ac        0x8
 .ARM.exidx     0x00000000000030ac        0x8 /home/gmunoz/pebble-dev/pebble-sdk-4.6-rc2-linux64/arm-cs-tools/bin/../lib/gcc/arm-none-eabi/4.7.2/thumb2/libgcc.a(_divdi3.o)
 .ARM.exidx     0x00000000000030b4        0x0 /home/gmunoz/pebble-dev/pebble-sdk-4.6-rc2-linux64/arm-cs-tools/bin/../lib/gcc/arm-none-eabi/4.7.2/thumb2/libgcc.a(_udivdi3.o)
                                          0x8 (size before relaxing)

.data           0x00000000000030b4       0x30
 *(.data)
 .data          0x00000000000030b4        0x0 /home/gmunoz/pebble-dev/pebble-sdk-4.6-rc2-linux64/arm-cs-tools/bin/../lib/gcc/arm-none-eabi/4.7.2/thumb2/crti.o
 .data          0x00000000000030b4        0x4 /home/gmunoz/pebble-dev/pebble-sdk-4.6-rc2-linux64/arm-cs-tools/bin/../lib/gcc/arm-none-eabi/4.7.2/thumb2/crtbegin.o
                0x00000000000030b4                __dso_handle
 .data          0x00000000000030b8        0x0 src/main.c.46.o
 .data          0x00000000000030b8        0x0 src/text_render.c.46.o
 .data          0x00000000000030b8        0x0 src/watch_model.c.46.o
 .data          0x00000000000030b8        0x0 enamel.c.46.o
 .data          0x00000000000030b8        0x0 aplite/appinfo.auto.c.46.o
 .data          0x00000000000030b8        0x0 aplite/src/resource_ids.auto.c.46.o
 .data          0x00000000000030b8        0x0 src/message_keys.auto.c.46.o
 .data          0x00000000000030b8        0x0 /home/gmunoz/.pebble-sdk/SDKs/current/sdk-core/pebble/aplite/lib/libpebble.a(tmp7jpKUopebble.o)
 .data          0x00000000000030b8        0x0 /home/gmunoz/pebble-dev/the_essence/node_modules/pebble-events/dist/binaries/aplite/libpebble-events.a(appmessage.c.26.o)
 .data          0x00000000000030b8        0x0 /home/gmunoz/pebble-dev/the_essence/node_modules/@smallstoneapps/linked-list/dist/binaries/aplite/@smallstoneapps/liblinked-list.a(linked-list.c.26.o)
 .data          0x00000000000030b8        0x0 /home/gmunoz/pebble-dev/pebble-sdk-4.6-rc2-linux64/arm-cs-tools/bin/../lib/gcc/arm-none-eabi/4.7.2/thumb2/libgcc.a(_arm_addsubdf3.o)
 .data          0x00000000000030b8        0x0 /home/gmunoz/pebble-dev/pebble-sdk-4.6-rc2-linux64/arm-cs-tools/bin/../lib/gcc/arm-none-eabi/4.7.2/thumb2/libgcc.a(_arm_muldivdf3.o)
 .data          0x00000000000030b8        0x0 /home/gmunoz/pebble-dev/pebble-sdk-4.6-rc2-linux64/arm-cs-tools/bin/../lib/gcc/arm-none-eabi/4.7.2/thumb2/libgcc.a(_arm_fixdfsi.o)
 .data          0x00000000000030b8        0x0 /home/gmunoz/pebble-dev/pebble-sdk-4.6-rc2-linux64/arm-cs-tools/bin/../lib/gcc/arm-none-eabi/4.7.2/thumb2/libgcc.a(_arm_fixunsdfsi.o)
 .data          0x00000000000030b8        0x0 /home/gmunoz/pebble-dev/pebble-sdk-4.6-rc2-linux64/arm-cs-tools/bin/../lib/gcc/arm-none-eabi/4.7.2/thumb2/libgcc.a(_aeabi_ldivmod.o)
 .data          0x00000000000030b8        0x0 /home/gmunoz/pebble-dev/pebble-sdk-4.6-rc2-linux64/arm-cs-tools/bin/../lib/gcc/arm-none-eabi/4.7.2/thumb2/libgcc.a(bpabi.o)
 .data          0x00000000000030b8        0x0 /home/gmunoz/pebble-dev/pebble-sdk-4.6-rc2-linux64/arm-cs-tools/bin/../lib/gcc/arm-none-eabi/4.7.2/thumb2/libgcc.a(_dvmd_tls.o)
 .data          0x00000000000030b8        0x0 /home/gmunoz/pebble-dev/pebble-sdk-4.6-rc2-linux64/arm-cs-tools/bin/../lib/gcc/arm-none-eabi/4.7.2/thumb2/libgcc.a(_divdi3.o)
 .data          0x00000000000030b8        0x0 /home/gmunoz/pebble-dev/pebble-sdk-4.6-rc2-linux64/arm-cs-tools/bin/../lib/gcc/arm-none-eabi/4.7.2/thumb2/libgcc.a(_udivdi3.o)
 .data          0x00000000000030b8        0x0 /home/gmunoz/pebble-dev/pebble-sdk-4.6-rc2-linux64/arm-cs-tools/bin/../lib/gcc/arm-none-eabi/4.7.2/thumb2/libgcc.a(_udivsi3.o)
 .data          0x00000000000030b8        0x0 /home/gmunoz/pebble-dev/pebble-sdk-4.6-rc2-linux64/arm-cs-tools/bin/../lib/gcc/arm-none-eabi/4.7.2/thumb2/crtend.o
 .data          0x00000000000030b8        0x0 /home/gmunoz/pebble-dev/pebble-sdk-4.6-rc2-linux64/arm-cs-tools/bin/../lib/gcc/arm-none-eabi/4.7.2/thumb2/crtn.o
 *(.data.*)
 .data.rel.ro.local.animation_implementation.7566
                0x00000000000030b8        0xc src/watch_model.c.46.o
 .data.MESSAGE_KEY_hour_hand_color
                0x00000000000030c4        0x4 src/message_keys.auto.c.46.o
                0x00000000000030c4                MESSAGE_KEY_hour_hand_color
 .data.MESSAGE_KEY_clock_fg_color
                0x00000000000030c8        0x4 src/message_keys.auto.c.46.o
                0x00000000000030c8                MESSAGE_KEY_clock_fg_color
 .data.MESSAGE_KEY_display_seconds
                0x00000000000030cc        0x4 src/message_keys.auto.c.46.o
                0x00000000000030cc                MESSAGE_KEY_display_seconds
 .data.MESSAGE_KEY_minute_hand_color
                0x00000000000030d0        0x4 src/message_keys.auto.c.46.o
                0x00000000000030d0                MESSAGE_KEY_minute_hand_color
 .data.MESSAGE_KEY_animate_minutes
                0x00000000000030d4        0x4 src/message_keys.auto.c.46.o
                0x00000000000030d4                MESSAGE_KEY_animate_minutes
 .data.MESSAGE_KEY_subdial_highlight_color
                0x00000000000030d8        0x4 src/message_keys.auto.c.46.o
                0x00000000000030d8                MESSAGE_KEY_subdial_highlight_color
 .data.MESSAGE_KEY_clock_bg_color
                0x00000000000030dc        0x4 src/message_keys.auto.c.46.o
                0x00000000000030dc                MESSAGE_KEY_clock_bg_color
 .data.MESSAGE_KEY_screen_color
                0x00000000000030e0        0x4 src/message_keys.auto.c.46.o
                0x00000000000030e0                MESSAGE_KEY_screen_color

.igot.plt       0x00000000000030e4        0x0
 .igot.plt      0x0000000000000000        0x0 /home/gmunoz/pebble-dev/pebble-sdk-4.6-rc2-linux64/arm-cs-tools/bin/../lib/gcc/arm-none-eabi/4.7.2/thumb2/crtbegin.o

.got            0x00000000000030e4       0x28
 .got           0x00000000000030e4       0x28 /home/gmunoz/pebble-dev/pebble-sdk-4.6-rc2-linux64/arm-cs-tools/bin/../lib/gcc/arm-none-eabi/4.7.2/thumb2/crtbegin.o

.got.plt        0x000000000000310c        0xc
 .got.plt       0x000000000000310c        0xc /home/gmunoz/pebble-dev/pebble-sdk-4.6-rc2-linux64/arm-cs-tools/bin/../lib/gcc/arm-none-eabi/4.7.2/thumb2/crtbegin.o
                0x000000000000310c                _GLOBAL_OFFSET_TABLE_

.bss            0x0000000000003118       0x64
 *(.bss)
 *(.bss.*)
 .bss.s_min_string.7756
                0x0000000000003118        0x5 src/main.c.46.o
 *fill*         0x000000000000311d        0x3 
 .bss.seconds_date_layer
                0x0000000000003120        0x4 src/main.c.46.o
 .bss.marks_layer
                0x0000000000003124        0x4 src/main.c.46.o
 .bss.clock_layer
                0x0000000000003128        0x4 src/main.c.46.o
 .bss.day_layer
                0x000000000000312c        0x4 src/main.c.46.o
 .bss.window    0x0000000000003130        0x4 src/main.c.46.o
 .bss.s_evt_handler
                0x0000000000003134        0x4 src/watch_model.c.46.o
 .bss.s_config_changed
                0x0000000000003138        0x1 enamel.c.46.o
 *fill*         0x0000000000003139        0x3 
 .bss.s_dict_size
                0x000000000000313c        0x4 enamel.c.46.o
 .bss.s_handler_list
                0x0000000000003140        0x4 enamel.c.46.o
 .bss.s_event_handle
                0x0000000000003144        0x4 enamel.c.46.o
 .bss.s_dict    0x0000000000003148        0xc enamel.c.46.o
 .bss.s_dict_buffer
                0x0000000000003154        0x4 enamel.c.46.o
 .bss.s_handler_list
                0x0000000000003158        0x4 /home/gmunoz/pebble-dev/the_essence/node_modules/pebble-events/dist/binaries/aplite/libpebble-events.a(appmessage.c.26.o)
 .bss.s_requested_outbox_size
                0x000000000000315c        0x2 /home/gmunoz/pebble-dev/the_essence/node_modules/pebble-events/dist/binaries/aplite/libpebble-events.a(appmessage.c.26.o)
 .bss.s_requested_inbox_size
                0x000000000000315e        0x2 /home/gmunoz/pebble-dev/the_essence/node_modules/pebble-events/dist/binaries/aplite/libpebble-events.a(appmessage.c.26.o)
 COMMON         0x0000000000003160       0x1c src/main.c.46.o
                0x0000000000003160                digital_font
                0x0000000000003164                clock_state

DISCARD
 libc.a(*)
 libm.a(*)
 libgcc.a(*)
 *(.eh_frame)
OUTPUT(/home/gmunoz/pebble-dev/the_essence/build/aplite/pebble-app.elf elf32-littlearm)

.ARM.attributes
                0x0000000000000000       0x27
 .ARM.attributes
                0x0000000000000000       0x19 /home/gmunoz/pebble-dev/pebble-sdk-4.6-rc2-linux64/arm-cs-tools/bin/../lib/gcc/arm-none-eabi/4.7.2/thumb2/crti.o
 .ARM.attributes
                0x0000000000000019       0x29 /home/gmunoz/pebble-dev/pebble-sdk-4.6-rc2-linux64/arm-cs-tools/bin/../lib/gcc/arm-none-eabi/4.7.2/thumb2/crtbegin.o
 .ARM.attributes
                0x0000000000000042       0x33 src/main.c.46.o
 .ARM.attributes
                0x0000000000000075       0x33 src/text_render.c.46.o
 .ARM.attributes
                0x00000000000000a8       0x33 src/watch_model.c.46.o
 .ARM.attributes
                0x00000000000000db       0x33 enamel.c.46.o
 .ARM.attributes
                0x000000000000010e       0x33 aplite/appinfo.auto.c.46.o
 .ARM.attributes
                0x0000000000000141       0x33 aplite/src/resource_ids.auto.c.46.o
 .ARM.attributes
                0x0000000000000174       0x33 src/message_keys.auto.c.46.o
 .ARM.attributes
                0x00000000000001a7       0x21 /home/gmunoz/.pebble-sdk/SDKs/current/sdk-core/pebble/aplite/lib/libpebble.a(tmp7jpKUopebble.o)
 .ARM.attributes
                0x00000000000001c8       0x33 /home/gmunoz/pebble-dev/the_essence/node_modules/pebble-events/dist/binaries/aplite/libpebble-events.a(appmessage.c.26.o)
 .ARM.attributes
                0x00000000000001fb       0x33 /home/gmunoz/pebble-dev/the_essence/node_modules/@smallstoneapps/linked-list/dist/binaries/aplite/@smallstoneapps/liblinked-list.a(linked-list.c.26.o)
 .ARM.attributes
                0x000000000000022e       0x19 /home/gmunoz/pebble-dev/pebble-sdk-4.6-rc2-linux64/arm-cs-tools/bin/../lib/gcc/arm-none-eabi/4.7.2/thumb2/libgcc.a(_arm_addsubdf3.o)
 .ARM.attributes
                0x0000000000000247       0x19 /home/gmunoz/pebble-dev/pebble-sdk-4.6-rc2-linux64/arm-cs-tools/bin/../lib/gcc/arm-none-eabi/4.7.2/thumb2/libgcc.a(_arm_muldivdf3.o)
 .ARM.attributes
                0x0000000000000260       0x19 /home/gmunoz/pebble-dev/pebble-sdk-4.6-rc2-linux64/arm-cs-tools/bin/../lib/gcc/arm-none-eabi/4.7.2/thumb2/libgcc.a(_arm_fixdfsi.o)
 .ARM.attributes
                0x0000000000000279       0x19 /home/gmunoz/pebble-dev/pebble-sdk-4.6-rc2-linux64/arm-cs-tools/bin/../lib/gcc/arm-none-eabi/4.7.2/thumb2/libgcc.a(_arm_fixunsdfsi.o)
 .ARM.attributes
                0x0000000000000292       0x19 /home/gmunoz/pebble-dev/pebble-sdk-4.6-rc2-linux64/arm-cs-tools/bin/../lib/gcc/arm-none-eabi/4.7.2/thumb2/libgcc.a(_aeabi_ldivmod.o)
 .ARM.attributes
                0x00000000000002ab       0x29 /home/gmunoz/pebble-dev/pebble-sdk-4.6-rc2-linux64/arm-cs-tools/bin/../lib/gcc/arm-none-eabi/4.7.2/thumb2/libgcc.a(bpabi.o)
 .ARM.attributes
                0x00000000000002d4       0x19 /home/gmunoz/pebble-dev/pebble-sdk-4.6-rc2-linux64/arm-cs-tools/bin/../lib/gcc/arm-none-eabi/4.7.2/thumb2/libgcc.a(_dvmd_tls.o)
 .ARM.attributes
                0x00000000000002ed       0x29 /home/gmunoz/pebble-dev/pebble-sdk-4.6-rc2-linux64/arm-cs-tools/bin/../lib/gcc/arm-none-eabi/4.7.2/thumb2/libgcc.a(_divdi3.o)
 .ARM.attributes
                0x0000000000000316       0x29 /home/gmunoz/pebble-dev/pebble-sdk-4.6-rc2-linux64/arm-cs-tools/bin/../lib/gcc/arm-none-eabi/4.7.2/thumb2/libgcc.a(_udivdi3.o)
 .ARM.attributes
                0x000000000000033f       0x19 /home/gmunoz/pebble-dev/pebble-sdk-4.6-rc2-linux64/arm-cs-tools/bin/../lib/gcc/arm-none-eabi/4.7.2/thumb2/libgcc.a(_udivsi3.o)
 .ARM.attributes
                0x0000000000000358       0x29 /home/gmunoz/pebble-dev/pebble-sdk-4.6-rc2-linux64/arm-cs-tools/bin/../lib/gcc/arm-none-eabi/4.7.2/thumb2/crtend.o
 .ARM.attributes
                0x0000000000000381       0x19 /home/gmunoz/pebble-dev/pebble-sdk-4.6-rc2-linux64/arm-cs-tools/bin/../lib/gcc/arm-none-eabi/4.7.2/thumb2/crtn.o

.comment        0x0000000000000000       0x9c
 .comment       0x0000000000000000       0x4e /home/gmunoz/pebble-dev/pebble-sdk-4.6-rc2-linux64/arm-cs-tools/bin/../lib/gcc/arm-none-eabi/4.7.2/thumb2/crtbegin.o
                                         0x4f (size before relaxing)
 .comment       0x0000000000000000       0x4f src/main.c.46.o
 .comment       0x0000000000000000       0x4f src/text_render.c.46.o
 .comment       0x0000000000000000       0x4f src/watch_model.c.46.o
 .comment       0x0000000000000000       0x4f enamel.c.46.o
 .comment       0x0000000000000000       0x4f aplite/appinfo.auto.c.46.o
 .comment       0x0000000000000000       0x4f aplite/src/resource_ids.auto.c.46.o
 .comment       0x0000000000000000       0x4f src/message_keys.auto.c.46.o
 .comment       0x000000000000004e       0x4e /home/gmunoz/pebble-dev/the_essence/node_modules/pebble-events/dist/binaries/aplite/libpebble-events.a(appmessage.c.26.o)
                                         0x4f (size before relaxing)
 .comment       0x0000000000000000       0x4f /home/gmunoz/pebble-dev/the_essence/node_modules/@smallstoneapps/linked-list/dist/binaries/aplite/@smallstoneapps/liblinked-list.a(linked-list.c.26.o)
 .comment       0x0000000000000000       0x4f /home/gmunoz/pebble-dev/pebble-sdk-4.6-rc2-linux64/arm-cs-tools/bin/../lib/gcc/arm-none-eabi/4.7.2/thumb2/libgcc.a(bpabi.o)
 .comment       0x0000000000000000       0x4f /home/gmunoz/pebble-dev/pebble-sdk-4.6-rc2-linux64/arm-cs-tools/bin/../lib/gcc/arm-none-eabi/4.7.2/thumb2/libgcc.a(_divdi3.o)
 .comment       0x0000000000000000       0x4f /home/gmunoz/pebble-dev/pebble-sdk-4.6-rc2-linux64/arm-cs-tools/bin/../lib/gcc/arm-none-eabi/4.7.2/thumb2/libgcc.a(_udivdi3.o)
 .comment       0x0000000000000000       0x4f /home/gmunoz/pebble-dev/pebble-sdk-4.6-rc2-linux64/arm-cs-tools/bin/../lib/gcc/arm-none-eabi/4.7.2/thumb2/crtend.o

.debug_info     0x0000000000000000     0x6f1c
 .debug_info    0x0000000000000000     0x1d9b src/main.c.46.o
 .debug_info    0x0000000000001d9b      0x84e src/text_render.c.46.o
 .debug_info    0x00000000000025e9      0xc85 src/watch_model.c.46.o
 .debug_info    0x000000000000326e     0x1080 enamel.c.46.o
 .debug_info    0x00000000000042ee      0x31a aplite/appinfo.auto.c.46.o
 .debug_info    0x0000000000004608       0x93 aplite/src/resource_ids.auto.c.46.o
 .debug_info    0x000000000000469b       0xff src/message_keys.auto.c.46.o
 .debug_info    0x000000000000479a      0xc4d /home/gmunoz/pebble-dev/the_essence/node_modules/pebble-events/dist/binaries/aplite/libpebble-events.a(appmessage.c.26.o)
 .debug_info    0x00000000000053e7      0x7e6 /home/gmunoz/pebble-dev/the_essence/node_modules/@smallstoneapps/linked-list/dist/binaries/aplite/@smallstoneapps/liblinked-list.a(linked-list.c.26.o)
 .debug_info    0x0000000000005bcd       0xb7 /home/gmunoz/pebble-dev/pebble-sdk-4.6-rc2-linux64/arm-cs-tools/bin/../lib/gcc/arm-none-eabi/4.7.2/thumb2/libgcc.a(_arm_addsubdf3.o)
 .debug_info    0x0000000000005c84       0xb7 /home/gmunoz/pebble-dev/pebble-sdk-4.6-rc2-linux64/arm-cs-tools/bin/../lib/gcc/arm-none-eabi/4.7.2/thumb2/libgcc.a(_arm_muldivdf3.o)
 .debug_info    0x0000000000005d3b       0xb7 /home/gmunoz/pebble-dev/pebble-sdk-4.6-rc2-linux64/arm-cs-tools/bin/../lib/gcc/arm-none-eabi/4.7.2/thumb2/libgcc.a(_arm_fixdfsi.o)
 .debug_info    0x0000000000005df2       0xb7 /home/gmunoz/pebble-dev/pebble-sdk-4.6-rc2-linux64/arm-cs-tools/bin/../lib/gcc/arm-none-eabi/4.7.2/thumb2/libgcc.a(_arm_fixunsdfsi.o)
 .debug_info    0x0000000000005ea9       0xb2 /home/gmunoz/pebble-dev/pebble-sdk-4.6-rc2-linux64/arm-cs-tools/bin/../lib/gcc/arm-none-eabi/4.7.2/thumb2/libgcc.a(_aeabi_ldivmod.o)
 .debug_info    0x0000000000005f5b      0x174 /home/gmunoz/pebble-dev/pebble-sdk-4.6-rc2-linux64/arm-cs-tools/bin/../lib/gcc/arm-none-eabi/4.7.2/thumb2/libgcc.a(bpabi.o)
 .debug_info    0x00000000000060cf       0xb6 /home/gmunoz/pebble-dev/pebble-sdk-4.6-rc2-linux64/arm-cs-tools/bin/../lib/gcc/arm-none-eabi/4.7.2/thumb2/libgcc.a(_dvmd_tls.o)
 .debug_info    0x0000000000006185      0x68f /home/gmunoz/pebble-dev/pebble-sdk-4.6-rc2-linux64/arm-cs-tools/bin/../lib/gcc/arm-none-eabi/4.7.2/thumb2/libgcc.a(_divdi3.o)
 .debug_info    0x0000000000006814      0x652 /home/gmunoz/pebble-dev/pebble-sdk-4.6-rc2-linux64/arm-cs-tools/bin/../lib/gcc/arm-none-eabi/4.7.2/thumb2/libgcc.a(_udivdi3.o)
 .debug_info    0x0000000000006e66       0xb6 /home/gmunoz/pebble-dev/pebble-sdk-4.6-rc2-linux64/arm-cs-tools/bin/../lib/gcc/arm-none-eabi/4.7.2/thumb2/libgcc.a(_udivsi3.o)

.debug_abbrev   0x0000000000000000     0x17e6
 .debug_abbrev  0x0000000000000000      0x430 src/main.c.46.o
 .debug_abbrev  0x0000000000000430      0x230 src/text_render.c.46.o
 .debug_abbrev  0x0000000000000660      0x33e src/watch_model.c.46.o
 .debug_abbrev  0x000000000000099e      0x3c5 enamel.c.46.o
 .debug_abbrev  0x0000000000000d63       0x9e aplite/appinfo.auto.c.46.o
 .debug_abbrev  0x0000000000000e01       0x44 aplite/src/resource_ids.auto.c.46.o
 .debug_abbrev  0x0000000000000e45       0x44 src/message_keys.auto.c.46.o
 .debug_abbrev  0x0000000000000e89      0x327 /home/gmunoz/pebble-dev/the_essence/node_modules/pebble-events/dist/binaries/aplite/libpebble-events.a(appmessage.c.26.o)
 .debug_abbrev  0x00000000000011b0      0x257 /home/gmunoz/pebble-dev/the_essence/node_modules/@smallstoneapps/linked-list/dist/binaries/aplite/@smallstoneapps/liblinked-list.a(linked-list.c.26.o)
 .debug_abbrev  0x0000000000001407       0x14 /home/gmunoz/pebble-dev/pebble-sdk-4.6-rc2-linux64/arm-cs-tools/bin/../lib/gcc/arm-none-eabi/4.7.2/thumb2/libgcc.a(_arm_addsubdf3.o)
 .debug_abbrev  0x000000000000141b       0x14 /home/gmunoz/pebble-dev/pebble-sdk-4.6-rc2-linux64/arm-cs-tools/bin/../lib/gcc/arm-none-eabi/4.7.2/thumb2/libgcc.a(_arm_muldivdf3.o)
 .debug_abbrev  0x000000000000142f       0x14 /home/gmunoz/pebble-dev/pebble-sdk-4.6-rc2-linux64/arm-cs-tools/bin/../lib/gcc/arm-none-eabi/4.7.2/thumb2/libgcc.a(_arm_fixdfsi.o)
 .debug_abbrev  0x0000000000001443       0x14 /home/gmunoz/pebble-dev/pebble-sdk-4.6-rc2-linux64/arm-cs-tools/bin/../lib/gcc/arm-none-eabi/4.7.2/thumb2/libgcc.a(_arm_fixunsdfsi.o)
 .debug_abbrev  0x0000000000001457       0x14 /home/gmunoz/pebble-dev/pebble-sdk-4.6-rc2-linux64/arm-cs-tools/bin/../lib/gcc/arm-none-eabi/4.7.2/thumb2/libgcc.a(_aeabi_ldivmod.o)
 .debug_abbrev  0x000000000000146b       0xb7 /home/gmunoz/pebble-dev/pebble-sdk-4.6-rc2-linux64/arm-cs-tools/bin/../lib/gcc/arm-none-eabi/4.7.2/thumb2/libgcc.a(bpabi.o)
 .debug_abbrev  0x0000000000001522       0x14 /home/gmunoz/pebble-dev/pebble-sdk-4.6-rc2-linux64/arm-cs-tools/bin/../lib/gcc/arm-none-eabi/4.7.2/thumb2/libgcc.a(_dvmd_tls.o)
 .debug_abbrev  0x0000000000001536      0x151 /home/gmunoz/pebble-dev/pebble-sdk-4.6-rc2-linux64/arm-cs-tools/bin/../lib/gcc/arm-none-eabi/4.7.2/thumb2/libgcc.a(_divdi3.o)
 .debug_abbrev  0x0000000000001687      0x14b /home/gmunoz/pebble-dev/pebble-sdk-4.6-rc2-linux64/arm-cs-tools/bin/../lib/gcc/arm-none-eabi/4.7.2/thumb2/libgcc.a(_udivdi3.o)
 .debug_abbrev  0x00000000000017d2       0x14 /home/gmunoz/pebble-dev/pebble-sdk-4.6-rc2-linux64/arm-cs-tools/bin/../lib/gcc/arm-none-eabi/4.7.2/thumb2/libgcc.a(_udivsi3.o)

.debug_loc      0x0000000000000000     0x41e2
 .debug_loc     0x0000000000000000      0x79f src/main.c.46.o
 .debug_loc     0x000000000000079f      0x4a6 src/text_render.c.46.o
 .debug_loc     0x0000000000000c45      0x49c src/watch_model.c.46.o
 .debug_loc     0x00000000000010e1      0x513 enamel.c.46.o
 .debug_loc     0x00000000000015f4      0x5a3 /home/gmunoz/pebble-dev/the_essence/node_modules/pebble-events/dist/binaries/aplite/libpebble-events.a(appmessage.c.26.o)
 .debug_loc     0x0000000000001b97      0x748 /home/gmunoz/pebble-dev/the_essence/node_modules/@smallstoneapps/linked-list/dist/binaries/aplite/@smallstoneapps/liblinked-list.a(linked-list.c.26.o)
 .debug_loc     0x00000000000022df       0xe0 /home/gmunoz/pebble-dev/pebble-sdk-4.6-rc2-linux64/arm-cs-tools/bin/../lib/gcc/arm-none-eabi/4.7.2/thumb2/libgcc.a(bpabi.o)
 .debug_loc     0x00000000000023bf      0xebd /home/gmunoz/pebble-dev/pebble-sdk-4.6-rc2-linux64/arm-cs-tools/bin/../lib/gcc/arm-none-eabi/4.7.2/thumb2/libgcc.a(_divdi3.o)
 .debug_loc     0x000000000000327c      0xf66 /home/gmunoz/pebble-dev/pebble-sdk-4.6-rc2-linux64/arm-cs-tools/bin/../lib/gcc/arm-none-eabi/4.7.2/thumb2/libgcc.a(_udivdi3.o)

.debug_aranges  0x0000000000000000      0x478
 .debug_aranges
                0x0000000000000000       0x80 src/main.c.46.o
 .debug_aranges
                0x0000000000000080       0x48 src/text_render.c.46.o
 .debug_aranges
                0x00000000000000c8       0x70 src/watch_model.c.46.o
 .debug_aranges
                0x0000000000000138       0x90 enamel.c.46.o
 .debug_aranges
                0x00000000000001c8       0x18 aplite/appinfo.auto.c.46.o
 .debug_aranges
                0x00000000000001e0       0x18 aplite/src/resource_ids.auto.c.46.o
 .debug_aranges
                0x00000000000001f8       0x18 src/message_keys.auto.c.46.o
 .debug_aranges
                0x0000000000000210       0xa0 /home/gmunoz/pebble-dev/the_essence/node_modules/pebble-events/dist/binaries/aplite/libpebble-events.a(appmessage.c.26.o)
 .debug_aranges
                0x00000000000002b0       0x88 /home/gmunoz/pebble-dev/the_essence/node_modules/@smallstoneapps/linked-list/dist/binaries/aplite/@smallstoneapps/liblinked-list.a(linked-list.c.26.o)
 .debug_aranges
                0x0000000000000338       0x20 /home/gmunoz/pebble-dev/pebble-sdk-4.6-rc2-linux64/arm-cs-tools/bin/../lib/gcc/arm-none-eabi/4.7.2/thumb2/libgcc.a(_arm_addsubdf3.o)
 .debug_aranges
                0x0000000000000358       0x20 /home/gmunoz/pebble-dev/pebble-sdk-4.6-rc2-linux64/arm-cs-tools/bin/../lib/gcc/arm-none-eabi/4.7.2/thumb2/libgcc.a(_arm_muldivdf3.o)
 .debug_aranges
                0x0000000000000378       0x20 /home/gmunoz/pebble-dev/pebble-sdk-4.6-rc2-linux64/arm-cs-tools/bin/../lib/gcc/arm-none-eabi/4.7.2/thumb2/libgcc.a(_arm_fixdfsi.o)
 .debug_aranges
                0x0000000000000398       0x20 /home/gmunoz/pebble-dev/pebble-sdk-4.6-rc2-linux64/arm-cs-tools/bin/../lib/gcc/arm-none-eabi/4.7.2/thumb2/libgcc.a(_arm_fixunsdfsi.o)
 .debug_aranges
                0x00000000000003b8       0x20 /home/gmunoz/pebble-dev/pebble-sdk-4.6-rc2-linux64/arm-cs-tools/bin/../lib/gcc/arm-none-eabi/4.7.2/thumb2/libgcc.a(_aeabi_ldivmod.o)
 .debug_aranges
                0x00000000000003d8       0x20 /home/gmunoz/pebble-dev/pebble-sdk-4.6-rc2-linux64/arm-cs-tools/bin/../lib/gcc/arm-none-eabi/4.7.2/thumb2/libgcc.a(bpabi.o)
 .debug_aranges
                0x00000000000003f8       0x20 /home/gmunoz/pebble-dev/pebble-sdk-4.6-rc2-linux64/arm-cs-tools/bin/../lib/gcc/arm-none-eabi/4.7.2/thumb2/libgcc.a(_dvmd_tls.o)
 .debug_aranges
                0x0000000000000418       0x20 /home/gmunoz/pebble-dev/pebble-sdk-4.6-rc2-linux64/arm-cs-tools/bin/../lib/gcc/arm-none-eabi/4.7.2/thumb2/libgcc.a(_divdi3.o)
 .debug_aranges
                0x0000000000000438       0x20 /home/gmunoz/pebble-dev/pebble-sdk-4.6-rc2-linux64/arm-cs-tools/bin/../lib/gcc/arm-none-eabi/4.7.2/thumb2/libgcc.a(_udivdi3.o)
 .debug_aranges
                0x0000000000000458       0x20 /home/gmunoz/pebble-dev/pebble-sdk-4.6-rc2-linux64/arm-cs-tools/bin/../lib/gcc/arm-none-eabi/4.7.2/thumb2/libgcc.a(_udivsi3.o)

.debug_ranges   0x0000000000000000      0x780
 .debug_ranges  0x0000000000000000      0x168 src/main.c.46.o
 .debug_ranges  0x0000000000000168       0xa8 src/text_render.c.46.o
 .debug_ranges  0x0000000000000210      0x140 src/watch_model.c.46.o
 .debug_ranges  0x0000000000000350       0xa0 enamel.c.46.o
 .debug_ranges  0x00000000000003f0       0xb8 /home/gmunoz/pebble-dev/the_essence/node_modules/pebble-events/dist/binaries/aplite/libpebble-events.a(appmessage.c.26.o)
 .debug_ranges  0x00000000000004a8       0xd8 /home/gmunoz/pebble-dev/the_essence/node_modules/@smallstoneapps/linked-list/dist/binaries/aplite/@smallstoneapps/liblinked-list.a(linked-list.c.26.o)
 .debug_ranges  0x0000000000000580      0x108 /home/gmunoz/pebble-dev/pebble-sdk-4.6-rc2-linux64/arm-cs-tools/bin/../lib/gcc/arm-none-eabi/4.7.2/thumb2/libgcc.a(_divdi3.o)
 .debug_ranges  0x0000000000000688       0xf8 /home/gmunoz/pebble-dev/pebble-sdk-4.6-rc2-linux64/arm-cs-tools/bin/../lib/gcc/arm-none-eabi/4.7.2/thumb2/libgcc.a(_udivdi3.o)

.debug_line     0x0000000000000000     0x2394
 .debug_line    0x0000000000000000      0x55b src/main.c.46.o
 .debug_line    0x000000000000055b      0x297 src/text_render.c.46.o
 .debug_line    0x00000000000007f2      0x3f3 src/watch_model.c.46.o
 .debug_line    0x0000000000000be5      0x507 enamel.c.46.o
 .debug_line    0x00000000000010ec      0x125 aplite/appinfo.auto.c.46.o
 .debug_line    0x0000000000001211       0xd0 aplite/src/resource_ids.auto.c.46.o
 .debug_line    0x00000000000012e1       0xc9 src/message_keys.auto.c.46.o
 .debug_line    0x00000000000013aa      0x3ec /home/gmunoz/pebble-dev/the_essence/node_modules/pebble-events/dist/binaries/aplite/libpebble-events.a(appmessage.c.26.o)
 .debug_line    0x0000000000001796      0x320 /home/gmunoz/pebble-dev/the_essence/node_modules/@smallstoneapps/linked-list/dist/binaries/aplite/@smallstoneapps/liblinked-list.a(linked-list.c.26.o)
 .debug_line    0x0000000000001ab6      0x20a /home/gmunoz/pebble-dev/pebble-sdk-4.6-rc2-linux64/arm-cs-tools/bin/../lib/gcc/arm-none-eabi/4.7.2/thumb2/libgcc.a(_arm_addsubdf3.o)
 .debug_line    0x0000000000001cc0      0x226 /home/gmunoz/pebble-dev/pebble-sdk-4.6-rc2-linux64/arm-cs-tools/bin/../lib/gcc/arm-none-eabi/4.7.2/thumb2/libgcc.a(_arm_muldivdf3.o)
 .debug_line    0x0000000000001ee6       0x86 /home/gmunoz/pebble-dev/pebble-sdk-4.6-rc2-linux64/arm-cs-tools/bin/../lib/gcc/arm-none-eabi/4.7.2/thumb2/libgcc.a(_arm_fixdfsi.o)
 .debug_line    0x0000000000001f6c       0x82 /home/gmunoz/pebble-dev/pebble-sdk-4.6-rc2-linux64/arm-cs-tools/bin/../lib/gcc/arm-none-eabi/4.7.2/thumb2/libgcc.a(_arm_fixunsdfsi.o)
 .debug_line    0x0000000000001fee       0x71 /home/gmunoz/pebble-dev/pebble-sdk-4.6-rc2-linux64/arm-cs-tools/bin/../lib/gcc/arm-none-eabi/4.7.2/thumb2/libgcc.a(_aeabi_ldivmod.o)
 .debug_line    0x000000000000205f       0x71 /home/gmunoz/pebble-dev/pebble-sdk-4.6-rc2-linux64/arm-cs-tools/bin/../lib/gcc/arm-none-eabi/4.7.2/thumb2/libgcc.a(bpabi.o)
 .debug_line    0x00000000000020d0       0x6d /home/gmunoz/pebble-dev/pebble-sdk-4.6-rc2-linux64/arm-cs-tools/bin/../lib/gcc/arm-none-eabi/4.7.2/thumb2/libgcc.a(_dvmd_tls.o)
 .debug_line    0x000000000000213d       0xef /home/gmunoz/pebble-dev/pebble-sdk-4.6-rc2-linux64/arm-cs-tools/bin/../lib/gcc/arm-none-eabi/4.7.2/thumb2/libgcc.a(_divdi3.o)
 .debug_line    0x000000000000222c       0xd8 /home/gmunoz/pebble-dev/pebble-sdk-4.6-rc2-linux64/arm-cs-tools/bin/../lib/gcc/arm-none-eabi/4.7.2/thumb2/libgcc.a(_udivdi3.o)
 .debug_line    0x0000000000002304       0x90 /home/gmunoz/pebble-dev/pebble-sdk-4.6-rc2-linux64/arm-cs-tools/bin/../lib/gcc/arm-none-eabi/4.7.2/thumb2/libgcc.a(_udivsi3.o)

.debug_str      0x0000000000000000     0x222d
 .debug_str     0x0000000000000000      0xd14 src/main.c.46.o
                                        0xdd5 (size before relaxing)
 .debug_str     0x0000000000000d14      0x207 src/text_render.c.46.o
                                        0x365 (size before relaxing)
 .debug_str     0x0000000000000f1b      0x52e src/watch_model.c.46.o
                                        0x836 (size before relaxing)
 .debug_str     0x0000000000001449      0x58e enamel.c.46.o
                                        0x881 (size before relaxing)
 .debug_str     0x00000000000019d7      0x22f aplite/appinfo.auto.c.46.o
                                        0x318 (size before relaxing)
 .debug_str     0x0000000000001c06       0x45 aplite/src/resource_ids.auto.c.46.o
                                        0x108 (size before relaxing)
 .debug_str     0x0000000000001c4b       0x18 src/message_keys.auto.c.46.o
                                        0x1c0 (size before relaxing)
 .debug_str     0x0000000000001c63      0x2f3 /home/gmunoz/pebble-dev/the_essence/node_modules/pebble-events/dist/binaries/aplite/libpebble-events.a(appmessage.c.26.o)
                                        0x83f (size before relaxing)
 .debug_str     0x0000000000001f56      0x137 /home/gmunoz/pebble-dev/the_essence/node_modules/@smallstoneapps/linked-list/dist/binaries/aplite/@smallstoneapps/liblinked-list.a(linked-list.c.26.o)
                                        0x2f7 (size before relaxing)
 .debug_str     0x000000000000208d       0xda /home/gmunoz/pebble-dev/pebble-sdk-4.6-rc2-linux64/arm-cs-tools/bin/../lib/gcc/arm-none-eabi/4.7.2/thumb2/libgcc.a(bpabi.o)
                                        0x10b (size before relaxing)
 .debug_str     0x0000000000002167       0xc6 /home/gmunoz/pebble-dev/pebble-sdk-4.6-rc2-linux64/arm-cs-tools/bin/../lib/gcc/arm-none-eabi/4.7.2/thumb2/libgcc.a(_divdi3.o)
                                        0x1d8 (size before relaxing)
 .debug_str     0x0000000000000000      0x1d9 /home/gmunoz/pebble-dev/pebble-sdk-4.6-rc2-linux64/arm-cs-tools/bin/../lib/gcc/arm-none-eabi/4.7.2/thumb2/libgcc.a(_udivdi3.o)

.debug_frame    0x0000000000000000      0x924
 .debug_frame   0x0000000000000000      0x1ac src/main.c.46.o
 .debug_frame   0x00000000000001ac       0xd0 src/text_render.c.46.o
 .debug_frame   0x000000000000027c      0x13c src/watch_model.c.46.o
 .debug_frame   0x00000000000003b8      0x198 enamel.c.46.o
 .debug_frame   0x0000000000000550      0x1a4 /home/gmunoz/pebble-dev/the_essence/node_modules/pebble-events/dist/binaries/aplite/libpebble-events.a(appmessage.c.26.o)
 .debug_frame   0x00000000000006f4      0x14c /home/gmunoz/pebble-dev/the_essence/node_modules/@smallstoneapps/linked-list/dist/binaries/aplite/@smallstoneapps/liblinked-list.a(linked-list.c.26.o)
 .debug_frame   0x0000000000000840       0x54 /home/gmunoz/pebble-dev/pebble-sdk-4.6-rc2-linux64/arm-cs-tools/bin/../lib/gcc/arm-none-eabi/4.7.2/thumb2/libgcc.a(bpabi.o)
 .debug_frame   0x0000000000000894       0x38 /home/gmunoz/pebble-dev/pebble-sdk-4.6-rc2-linux64/arm-cs-tools/bin/../lib/gcc/arm-none-eabi/4.7.2/thumb2/libgcc.a(_divdi3.o)
 .debug_frame   0x00000000000008cc       0x38 /home/gmunoz/pebble-dev/pebble-sdk-4.6-rc2-linux64/arm-cs-tools/bin/../lib/gcc/arm-none-eabi/4.7.2/thumb2/libgcc.a(_udivdi3.o)
 .debug_frame   0x0000000000000904       0x20 /home/gmunoz/pebble-dev/pebble-sdk-4.6-rc2-linux64/arm-cs-tools/bin/../lib/gcc/arm-none-eabi/4.7.2/thumb2/libgcc.a(_udivsi3.o)
